Archive member included to satisfy reference by file (symbol)

c:/st/stm32cubeide_1.4.0/stm32cubeide/plugins/com.st.stm32cube.ide.mcu.externaltools.gnu-tools-for-stm32.7-2018-q2-update.win32_1.4.0.202007081208/tools/bin/../lib/gcc/arm-none-eabi/7.3.1/../../../../arm-none-eabi/lib/thumb/v7e-m/fpv4-sp/hard\libc_nano.a(lib_a-errno.o)
                              Src/syscalls.o (__errno)
c:/st/stm32cubeide_1.4.0/stm32cubeide/plugins/com.st.stm32cube.ide.mcu.externaltools.gnu-tools-for-stm32.7-2018-q2-update.win32_1.4.0.202007081208/tools/bin/../lib/gcc/arm-none-eabi/7.3.1/../../../../arm-none-eabi/lib/thumb/v7e-m/fpv4-sp/hard\libc_nano.a(lib_a-exit.o)
                              c:/st/stm32cubeide_1.4.0/stm32cubeide/plugins/com.st.stm32cube.ide.mcu.externaltools.gnu-tools-for-stm32.7-2018-q2-update.win32_1.4.0.202007081208/tools/bin/../lib/gcc/arm-none-eabi/7.3.1/../../../../arm-none-eabi/lib/thumb/v7e-m/fpv4-sp/hard/crt0.o (exit)
c:/st/stm32cubeide_1.4.0/stm32cubeide/plugins/com.st.stm32cube.ide.mcu.externaltools.gnu-tools-for-stm32.7-2018-q2-update.win32_1.4.0.202007081208/tools/bin/../lib/gcc/arm-none-eabi/7.3.1/../../../../arm-none-eabi/lib/thumb/v7e-m/fpv4-sp/hard\libc_nano.a(lib_a-impure.o)
                              c:/st/stm32cubeide_1.4.0/stm32cubeide/plugins/com.st.stm32cube.ide.mcu.externaltools.gnu-tools-for-stm32.7-2018-q2-update.win32_1.4.0.202007081208/tools/bin/../lib/gcc/arm-none-eabi/7.3.1/../../../../arm-none-eabi/lib/thumb/v7e-m/fpv4-sp/hard\libc_nano.a(lib_a-exit.o) (_global_impure_ptr)
c:/st/stm32cubeide_1.4.0/stm32cubeide/plugins/com.st.stm32cube.ide.mcu.externaltools.gnu-tools-for-stm32.7-2018-q2-update.win32_1.4.0.202007081208/tools/bin/../lib/gcc/arm-none-eabi/7.3.1/../../../../arm-none-eabi/lib/thumb/v7e-m/fpv4-sp/hard\libc_nano.a(lib_a-init.o)
                              c:/st/stm32cubeide_1.4.0/stm32cubeide/plugins/com.st.stm32cube.ide.mcu.externaltools.gnu-tools-for-stm32.7-2018-q2-update.win32_1.4.0.202007081208/tools/bin/../lib/gcc/arm-none-eabi/7.3.1/../../../../arm-none-eabi/lib/thumb/v7e-m/fpv4-sp/hard/crt0.o (__libc_init_array)
c:/st/stm32cubeide_1.4.0/stm32cubeide/plugins/com.st.stm32cube.ide.mcu.externaltools.gnu-tools-for-stm32.7-2018-q2-update.win32_1.4.0.202007081208/tools/bin/../lib/gcc/arm-none-eabi/7.3.1/../../../../arm-none-eabi/lib/thumb/v7e-m/fpv4-sp/hard\libc_nano.a(lib_a-memset.o)
                              c:/st/stm32cubeide_1.4.0/stm32cubeide/plugins/com.st.stm32cube.ide.mcu.externaltools.gnu-tools-for-stm32.7-2018-q2-update.win32_1.4.0.202007081208/tools/bin/../lib/gcc/arm-none-eabi/7.3.1/../../../../arm-none-eabi/lib/thumb/v7e-m/fpv4-sp/hard/crt0.o (memset)

Discarded input sections

 .text          0x0000000000000000        0x0 c:/st/stm32cubeide_1.4.0/stm32cubeide/plugins/com.st.stm32cube.ide.mcu.externaltools.gnu-tools-for-stm32.7-2018-q2-update.win32_1.4.0.202007081208/tools/bin/../lib/gcc/arm-none-eabi/7.3.1/thumb/v7e-m/fpv4-sp/hard/crti.o
 .data          0x0000000000000000        0x0 c:/st/stm32cubeide_1.4.0/stm32cubeide/plugins/com.st.stm32cube.ide.mcu.externaltools.gnu-tools-for-stm32.7-2018-q2-update.win32_1.4.0.202007081208/tools/bin/../lib/gcc/arm-none-eabi/7.3.1/thumb/v7e-m/fpv4-sp/hard/crti.o
 .bss           0x0000000000000000        0x0 c:/st/stm32cubeide_1.4.0/stm32cubeide/plugins/com.st.stm32cube.ide.mcu.externaltools.gnu-tools-for-stm32.7-2018-q2-update.win32_1.4.0.202007081208/tools/bin/../lib/gcc/arm-none-eabi/7.3.1/thumb/v7e-m/fpv4-sp/hard/crti.o
 .data          0x0000000000000000        0x4 c:/st/stm32cubeide_1.4.0/stm32cubeide/plugins/com.st.stm32cube.ide.mcu.externaltools.gnu-tools-for-stm32.7-2018-q2-update.win32_1.4.0.202007081208/tools/bin/../lib/gcc/arm-none-eabi/7.3.1/thumb/v7e-m/fpv4-sp/hard/crtbegin.o
 .text          0x0000000000000000       0x74 c:/st/stm32cubeide_1.4.0/stm32cubeide/plugins/com.st.stm32cube.ide.mcu.externaltools.gnu-tools-for-stm32.7-2018-q2-update.win32_1.4.0.202007081208/tools/bin/../lib/gcc/arm-none-eabi/7.3.1/../../../../arm-none-eabi/lib/thumb/v7e-m/fpv4-sp/hard/crt0.o
 .data          0x0000000000000000        0x0 c:/st/stm32cubeide_1.4.0/stm32cubeide/plugins/com.st.stm32cube.ide.mcu.externaltools.gnu-tools-for-stm32.7-2018-q2-update.win32_1.4.0.202007081208/tools/bin/../lib/gcc/arm-none-eabi/7.3.1/../../../../arm-none-eabi/lib/thumb/v7e-m/fpv4-sp/hard/crt0.o
 .bss           0x0000000000000000        0x0 c:/st/stm32cubeide_1.4.0/stm32cubeide/plugins/com.st.stm32cube.ide.mcu.externaltools.gnu-tools-for-stm32.7-2018-q2-update.win32_1.4.0.202007081208/tools/bin/../lib/gcc/arm-none-eabi/7.3.1/../../../../arm-none-eabi/lib/thumb/v7e-m/fpv4-sp/hard/crt0.o
 .ARM.extab     0x0000000000000000        0x0 c:/st/stm32cubeide_1.4.0/stm32cubeide/plugins/com.st.stm32cube.ide.mcu.externaltools.gnu-tools-for-stm32.7-2018-q2-update.win32_1.4.0.202007081208/tools/bin/../lib/gcc/arm-none-eabi/7.3.1/../../../../arm-none-eabi/lib/thumb/v7e-m/fpv4-sp/hard/crt0.o
[...]
Memory Configuration

Name             Origin             Length             Attributes
FLASH            0x0000000008000000 0x0000000000010000 xr
CCMRAM           0x0000000010000000 0x0000000000001000 xrw
RAM              0x0000000020000000 0x0000000000003000 xrw
*default*        0x0000000000000000 0xffffffffffffffff

Linker script and memory map

LOAD c:/st/stm32cubeide_1.4.0/stm32cubeide/plugins/com.st.stm32cube.ide.mcu.externaltools.gnu-tools-for-stm32.7-2018-q2-update.win32_1.4.0.202007081208/tools/bin/../lib/gcc/arm-none-eabi/7.3.1/thumb/v7e-m/fpv4-sp/hard/crti.o
LOAD c:/st/stm32cubeide_1.4.0/stm32cubeide/plugins/com.st.stm32cube.ide.mcu.externaltools.gnu-tools-for-stm32.7-2018-q2-update.win32_1.4.0.202007081208/tools/bin/../lib/gcc/arm-none-eabi/7.3.1/thumb/v7e-m/fpv4-sp/hard/crtbegin.o
LOAD c:/st/stm32cubeide_1.4.0/stm32cubeide/plugins/com.st.stm32cube.ide.mcu.externaltools.gnu-tools-for-stm32.7-2018-q2-update.win32_1.4.0.202007081208/tools/bin/../lib/gcc/arm-none-eabi/7.3.1/../../../../arm-none-eabi/lib/thumb/v7e-m/fpv4-sp/hard/crt0.o
LOAD Drivers/STM32F3xx_HAL_Driver/Src/stm32f3xx_ll_dma.o
LOAD Drivers/STM32F3xx_HAL_Driver/Src/stm32f3xx_ll_exti.o
LOAD Drivers/STM32F3xx_HAL_Driver/Src/stm32f3xx_ll_gpio.o
LOAD Drivers/STM32F3xx_HAL_Driver/Src/stm32f3xx_ll_rcc.o
LOAD Drivers/STM32F3xx_HAL_Driver/Src/stm32f3xx_ll_usart.o
LOAD Drivers/STM32F3xx_HAL_Driver/Src/stm32f3xx_ll_utils.o
LOAD Src/gpio.o
LOAD Src/main.o
LOAD Src/stm32f3xx_it.o
LOAD Src/syscalls.o
LOAD Src/sysmem.o
LOAD Src/system_stm32f3xx.o
LOAD Src/usart.o
LOAD Startup/startup_stm32f303k8tx.o
START GROUP
LOAD c:/st/stm32cubeide_1.4.0/stm32cubeide/plugins/com.st.stm32cube.ide.mcu.externaltools.gnu-tools-for-stm32.7-2018-q2-update.win32_1.4.0.202007081208/tools/bin/../lib/gcc/arm-none-eabi/7.3.1/../../../../arm-none-eabi/lib/thumb/v7e-m/fpv4-sp/hard\libc_nano.a
LOAD c:/st/stm32cubeide_1.4.0/stm32cubeide/plugins/com.st.stm32cube.ide.mcu.externaltools.gnu-tools-for-stm32.7-2018-q2-update.win32_1.4.0.202007081208/tools/bin/../lib/gcc/arm-none-eabi/7.3.1/../../../../arm-none-eabi/lib/thumb/v7e-m/fpv4-sp/hard\libm.a
END GROUP
START GROUP
LOAD c:/st/stm32cubeide_1.4.0/stm32cubeide/plugins/com.st.stm32cube.ide.mcu.externaltools.gnu-tools-for-stm32.7-2018-q2-update.win32_1.4.0.202007081208/tools/bin/../lib/gcc/arm-none-eabi/7.3.1/thumb/v7e-m/fpv4-sp/hard\libgcc.a
LOAD c:/st/stm32cubeide_1.4.0/stm32cubeide/plugins/com.st.stm32cube.ide.mcu.externaltools.gnu-tools-for-stm32.7-2018-q2-update.win32_1.4.0.202007081208/tools/bin/../lib/gcc/arm-none-eabi/7.3.1/../../../../arm-none-eabi/lib/thumb/v7e-m/fpv4-sp/hard\libc_nano.a
END GROUP
START GROUP
LOAD c:/st/stm32cubeide_1.4.0/stm32cubeide/plugins/com.st.stm32cube.ide.mcu.externaltools.gnu-tools-for-stm32.7-2018-q2-update.win32_1.4.0.202007081208/tools/bin/../lib/gcc/arm-none-eabi/7.3.1/thumb/v7e-m/fpv4-sp/hard\libgcc.a
LOAD c:/st/stm32cubeide_1.4.0/stm32cubeide/plugins/com.st.stm32cube.ide.mcu.externaltools.gnu-tools-for-stm32.7-2018-q2-update.win32_1.4.0.202007081208/tools/bin/../lib/gcc/arm-none-eabi/7.3.1/../../../../arm-none-eabi/lib/thumb/v7e-m/fpv4-sp/hard\libc_nano.a
LOAD c:/st/stm32cubeide_1.4.0/stm32cubeide/plugins/com.st.stm32cube.ide.mcu.externaltools.gnu-tools-for-stm32.7-2018-q2-update.win32_1.4.0.202007081208/tools/bin/../lib/gcc/arm-none-eabi/7.3.1/../../../../arm-none-eabi/lib/thumb/v7e-m/fpv4-sp/hard\libnosys.a
END GROUP
START GROUP
LOAD c:/st/stm32cubeide_1.4.0/stm32cubeide/plugins/com.st.stm32cube.ide.mcu.externaltools.gnu-tools-for-stm32.7-2018-q2-update.win32_1.4.0.202007081208/tools/bin/../lib/gcc/arm-none-eabi/7.3.1/thumb/v7e-m/fpv4-sp/hard\libgcc.a
LOAD c:/st/stm32cubeide_1.4.0/stm32cubeide/plugins/com.st.stm32cube.ide.mcu.externaltools.gnu-tools-for-stm32.7-2018-q2-update.win32_1.4.0.202007081208/tools/bin/../lib/gcc/arm-none-eabi/7.3.1/../../../../arm-none-eabi/lib/thumb/v7e-m/fpv4-sp/hard\libc_nano.a
LOAD c:/st/stm32cubeide_1.4.0/stm32cubeide/plugins/com.st.stm32cube.ide.mcu.externaltools.gnu-tools-for-stm32.7-2018-q2-update.win32_1.4.0.202007081208/tools/bin/../lib/gcc/arm-none-eabi/7.3.1/../../../../arm-none-eabi/lib/thumb/v7e-m/fpv4-sp/hard\libnosys.a
END GROUP
LOAD c:/st/stm32cubeide_1.4.0/stm32cubeide/plugins/com.st.stm32cube.ide.mcu.externaltools.gnu-tools-for-stm32.7-2018-q2-update.win32_1.4.0.202007081208/tools/bin/../lib/gcc/arm-none-eabi/7.3.1/thumb/v7e-m/fpv4-sp/hard/crtend.o
LOAD c:/st/stm32cubeide_1.4.0/stm32cubeide/plugins/com.st.stm32cube.ide.mcu.externaltools.gnu-tools-for-stm32.7-2018-q2-update.win32_1.4.0.202007081208/tools/bin/../lib/gcc/arm-none-eabi/7.3.1/thumb/v7e-m/fpv4-sp/hard/crtn.o
                0x0000000020003000                _estack = 0x20003000
                0x0000000000000200                _Min_Heap_Size = 0x200
                0x0000000000000400                _Min_Stack_Size = 0x400

.isr_vector     0x0000000008000000      0x188
                0x0000000008000000                . = ALIGN (0x4)
 *(.isr_vector)
 .isr_vector    0x0000000008000000      0x188 Startup/startup_stm32f303k8tx.o
                0x0000000008000000                g_pfnVectors
                0x0000000008000188                . = ALIGN (0x4)

.text           0x0000000008000188     0x13b0
                0x0000000008000188                . = ALIGN (0x4)
 *(.text)
 .text          0x0000000008000188       0x40 c:/st/stm32cubeide_1.4.0/stm32cubeide/plugins/com.st.stm32cube.ide.mcu.externaltools.gnu-tools-for-stm32.7-2018-q2-update.win32_1.4.0.202007081208/tools/bin/../lib/gcc/arm-none-eabi/7.3.1/thumb/v7e-m/fpv4-sp/hard/crtbegin.o
 *(.text*)
 .text.LL_GPIO_SetPinMode
                0x00000000080001c8       0x5a Drivers/STM32F3xx_HAL_Driver/Src/stm32f3xx_ll_gpio.o
 .text.LL_GPIO_SetPinOutputType
                0x0000000008000222       0x30 Drivers/STM32F3xx_HAL_Driver/Src/stm32f3xx_ll_gpio.o
 .text.LL_GPIO_SetPinSpeed
                0x0000000008000252       0x5a Drivers/STM32F3xx_HAL_Driver/Src/stm32f3xx_ll_gpio.o
 .text.LL_GPIO_SetPinPull
                0x00000000080002ac       0x5a Drivers/STM32F3xx_HAL_Driver/Src/stm32f3xx_ll_gpio.o
 .text.LL_GPIO_SetAFPin_0_7
                0x0000000008000306       0x5a Drivers/STM32F3xx_HAL_Driver/Src/stm32f3xx_ll_gpio.o
 .text.LL_GPIO_SetAFPin_8_15
                0x0000000008000360       0x5e Drivers/STM32F3xx_HAL_Driver/Src/stm32f3xx_ll_gpio.o
 .text.LL_GPIO_Init
                0x00000000080003be       0xf4 Drivers/STM32F3xx_HAL_Driver/Src/stm32f3xx_ll_gpio.o
                0x00000000080003be                LL_GPIO_Init
 *fill*         0x00000000080004b2        0x2 
 .text.LL_RCC_HSI_IsReady
                0x00000000080004b4       0x24 Drivers/STM32F3xx_HAL_Driver/Src/stm32f3xx_ll_rcc.o
 .text.LL_RCC_LSE_IsReady
                0x00000000080004d8       0x24 Drivers/STM32F3xx_HAL_Driver/Src/stm32f3xx_ll_rcc.o
 .text.LL_RCC_GetSysClkSource
                0x00000000080004fc       0x1c Drivers/STM32F3xx_HAL_Driver/Src/stm32f3xx_ll_rcc.o
 .text.LL_RCC_GetAHBPrescaler
                0x0000000008000518       0x1c Drivers/STM32F3xx_HAL_Driver/Src/stm32f3xx_ll_rcc.o
 .text.LL_RCC_GetAPB1Prescaler
                0x0000000008000534       0x1c Drivers/STM32F3xx_HAL_Driver/Src/stm32f3xx_ll_rcc.o
 .text.LL_RCC_GetAPB2Prescaler
                0x0000000008000550       0x1c Drivers/STM32F3xx_HAL_Driver/Src/stm32f3xx_ll_rcc.o
 .text.LL_RCC_GetUSARTClockSource
                0x000000000800056c       0x2c Drivers/STM32F3xx_HAL_Driver/Src/stm32f3xx_ll_rcc.o
 .text.LL_RCC_PLL_GetMainSource
                0x0000000008000598       0x1c Drivers/STM32F3xx_HAL_Driver/Src/stm32f3xx_ll_rcc.o
 .text.LL_RCC_PLL_GetMultiplicator
                0x00000000080005b4       0x1c Drivers/STM32F3xx_HAL_Driver/Src/stm32f3xx_ll_rcc.o
 .text.LL_RCC_PLL_GetPrediv
                0x00000000080005d0       0x1c Drivers/STM32F3xx_HAL_Driver/Src/stm32f3xx_ll_rcc.o
 .text.LL_RCC_GetSystemClocksFreq
                0x00000000080005ec       0x4a Drivers/STM32F3xx_HAL_Driver/Src/stm32f3xx_ll_rcc.o
                0x00000000080005ec                LL_RCC_GetSystemClocksFreq
 *fill*         0x0000000008000636        0x2 
 .text.LL_RCC_GetUSARTClockFreq
                0x0000000008000638       0x80 Drivers/STM32F3xx_HAL_Driver/Src/stm32f3xx_ll_rcc.o
                0x0000000008000638                LL_RCC_GetUSARTClockFreq
 .text.RCC_GetSystemClockFreq
                0x00000000080006b8       0x44 Drivers/STM32F3xx_HAL_Driver/Src/stm32f3xx_ll_rcc.o
                0x00000000080006b8                RCC_GetSystemClockFreq
 .text.RCC_GetHCLKClockFreq
                0x00000000080006fc       0x2c Drivers/STM32F3xx_HAL_Driver/Src/stm32f3xx_ll_rcc.o
                0x00000000080006fc                RCC_GetHCLKClockFreq
 .text.RCC_GetPCLK1ClockFreq
                0x0000000008000728       0x28 Drivers/STM32F3xx_HAL_Driver/Src/stm32f3xx_ll_rcc.o
                0x0000000008000728                RCC_GetPCLK1ClockFreq
 .text.RCC_GetPCLK2ClockFreq
                0x0000000008000750       0x28 Drivers/STM32F3xx_HAL_Driver/Src/stm32f3xx_ll_rcc.o
                0x0000000008000750                RCC_GetPCLK2ClockFreq
 .text.RCC_PLL_GetFreqDomain_SYS
                0x0000000008000778       0x78 Drivers/STM32F3xx_HAL_Driver/Src/stm32f3xx_ll_rcc.o
                0x0000000008000778                RCC_PLL_GetFreqDomain_SYS
 .text.LL_USART_IsEnabled
                0x00000000080007f0       0x26 Drivers/STM32F3xx_HAL_Driver/Src/stm32f3xx_ll_usart.o
 .text.LL_USART_SetStopBitsLength
                0x0000000008000816       0x26 Drivers/STM32F3xx_HAL_Driver/Src/stm32f3xx_ll_usart.o
 .text.LL_USART_SetHWFlowCtrl
                0x000000000800083c       0x26 Drivers/STM32F3xx_HAL_Driver/Src/stm32f3xx_ll_usart.o
 .text.LL_USART_SetBaudRate
                0x0000000008000862       0x64 Drivers/STM32F3xx_HAL_Driver/Src/stm32f3xx_ll_usart.o
 *fill*         0x00000000080008c6        0x2 
 .text.LL_USART_Init
                0x00000000080008c8       0xd8 Drivers/STM32F3xx_HAL_Driver/Src/stm32f3xx_ll_usart.o
                0x00000000080008c8                LL_USART_Init
 .text.LL_InitTick
                0x00000000080009a0       0x34 Drivers/STM32F3xx_HAL_Driver/Src/stm32f3xx_ll_utils.o
 .text.LL_Init1msTick
                0x00000000080009d4       0x1a Drivers/STM32F3xx_HAL_Driver/Src/stm32f3xx_ll_utils.o
                0x00000000080009d4                LL_Init1msTick
 *fill*         0x00000000080009ee        0x2 
 .text.LL_mDelay
                0x00000000080009f0       0x48 Drivers/STM32F3xx_HAL_Driver/Src/stm32f3xx_ll_utils.o
                0x00000000080009f0                LL_mDelay
 .text.LL_SetSystemCoreClock
                0x0000000008000a38       0x20 Drivers/STM32F3xx_HAL_Driver/Src/stm32f3xx_ll_utils.o
                0x0000000008000a38                LL_SetSystemCoreClock
 .text.LL_AHB1_GRP1_EnableClock
                0x0000000008000a58       0x30 Src/gpio.o
 .text.LL_GPIO_ResetOutputPin
                0x0000000008000a88       0x1c Src/gpio.o
 .text.MX_GPIO_Init
                0x0000000008000aa4       0x58 Src/gpio.o
                0x0000000008000aa4                MX_GPIO_Init
 .text.NVIC_SetPriorityGrouping
                0x0000000008000afc       0x48 Src/main.o
 .text.LL_RCC_HSI_Enable
                0x0000000008000b44       0x20 Src/main.o
 .text.LL_RCC_HSI_IsReady
                0x0000000008000b64       0x24 Src/main.o
 .text.LL_RCC_HSI_SetCalibTrimming
                0x0000000008000b88       0x2c Src/main.o
 .text.LL_RCC_SetSysClkSource
                0x0000000008000bb4       0x28 Src/main.o
 .text.LL_RCC_GetSysClkSource
                0x0000000008000bdc       0x1c Src/main.o
 .text.LL_RCC_SetAHBPrescaler
                0x0000000008000bf8       0x28 Src/main.o
 .text.LL_RCC_SetAPB1Prescaler
                0x0000000008000c20       0x28 Src/main.o
 .text.LL_RCC_SetAPB2Prescaler
                0x0000000008000c48       0x28 Src/main.o
 .text.LL_APB1_GRP1_EnableClock
                0x0000000008000c70       0x30 Src/main.o
 .text.LL_APB2_GRP1_EnableClock
                0x0000000008000ca0       0x30 Src/main.o
 .text.LL_FLASH_SetLatency
                0x0000000008000cd0       0x28 Src/main.o
 .text.LL_FLASH_GetLatency
                0x0000000008000cf8       0x1c Src/main.o
 .text.LL_SYSTICK_SetClkSource
                0x0000000008000d14       0x38 Src/main.o
 .text.LL_USART_TransmitData8
                0x0000000008000d4c       0x20 Src/main.o
 .text.LL_GPIO_ReadInputPort
                0x0000000008000d6c       0x18 Src/main.o
 .text.LL_GPIO_SetOutputPin
                0x0000000008000d84       0x1c Src/main.o
 .text.LL_GPIO_ResetOutputPin
                0x0000000008000da0       0x1c Src/main.o
 .text.main     0x0000000008000dbc       0xcc Src/main.o
                0x0000000008000dbc                main
 .text.SystemClock_Config
                0x0000000008000e88       0x6c Src/main.o
                0x0000000008000e88                SystemClock_Config
 .text.process_serial_data
                0x0000000008000ef4      0x114 Src/main.o
                0x0000000008000ef4                process_serial_data
 .text.Error_Handler
                0x0000000008001008        0xe Src/main.o
                0x0000000008001008                Error_Handler
 .text.LL_USART_IsActiveFlag_RXNE
                0x0000000008001016       0x26 Src/stm32f3xx_it.o
 .text.LL_USART_ReceiveData8
                0x000000000800103c       0x1c Src/stm32f3xx_it.o
 .text.NMI_Handler
                0x0000000008001058        0xe Src/stm32f3xx_it.o
                0x0000000008001058                NMI_Handler
 .text.HardFault_Handler
                0x0000000008001066        0x6 Src/stm32f3xx_it.o
                0x0000000008001066                HardFault_Handler
 .text.MemManage_Handler
                0x000000000800106c        0x6 Src/stm32f3xx_it.o
                0x000000000800106c                MemManage_Handler
 .text.BusFault_Handler
                0x0000000008001072        0x6 Src/stm32f3xx_it.o
                0x0000000008001072                BusFault_Handler
 .text.UsageFault_Handler
                0x0000000008001078        0x6 Src/stm32f3xx_it.o
                0x0000000008001078                UsageFault_Handler
 .text.SVC_Handler
                0x000000000800107e        0xe Src/stm32f3xx_it.o
                0x000000000800107e                SVC_Handler
 .text.DebugMon_Handler
                0x000000000800108c        0xe Src/stm32f3xx_it.o
                0x000000000800108c                DebugMon_Handler
 .text.PendSV_Handler
                0x000000000800109a        0xe Src/stm32f3xx_it.o
                0x000000000800109a                PendSV_Handler
 .text.SysTick_Handler
                0x00000000080010a8        0xe Src/stm32f3xx_it.o
                0x00000000080010a8                SysTick_Handler
 *fill*         0x00000000080010b6        0x2 
 .text.USART2_IRQHandler
                0x00000000080010b8       0x28 Src/stm32f3xx_it.o
                0x00000000080010b8                USART2_IRQHandler
 .text.SystemInit
                0x00000000080010e0       0x94 Src/system_stm32f3xx.o
                0x00000000080010e0                SystemInit
 .text.NVIC_GetPriorityGrouping
                0x0000000008001174       0x1c Src/usart.o
 .text.NVIC_EnableIRQ
                0x0000000008001190       0x34 Src/usart.o
 .text.NVIC_SetPriority
                0x00000000080011c4       0x54 Src/usart.o
 .text.NVIC_EncodePriority
                0x0000000008001218       0x66 Src/usart.o
 *fill*         0x000000000800127e        0x2 
 .text.LL_AHB1_GRP1_EnableClock
                0x0000000008001280       0x30 Src/usart.o
 .text.LL_APB1_GRP1_EnableClock
                0x00000000080012b0       0x30 Src/usart.o
 .text.LL_USART_Enable
                0x00000000080012e0       0x20 Src/usart.o
 .text.LL_USART_ConfigAsyncMode
                0x0000000008001300       0x2c Src/usart.o
 .text.LL_USART_EnableIT_RXNE
                0x000000000800132c       0x20 Src/usart.o
 .text.LL_USART_DisableIT_CTS
                0x000000000800134c       0x20 Src/usart.o
 .text.USART2_RegisterCallback
                0x000000000800136c       0x20 Src/usart.o
                0x000000000800136c                USART2_RegisterCallback
 .text.MX_USART2_UART_Init
                0x000000000800138c       0xd0 Src/usart.o
                0x000000000800138c                MX_USART2_UART_Init
 .text.rx_usart2
                0x000000000800145c       0x28 Src/usart.o
                0x000000000800145c                rx_usart2
 .text.Reset_Handler
                0x0000000008001484       0x50 Startup/startup_stm32f303k8tx.o
                0x0000000008001484                Reset_Handler
 .text.Default_Handler
                0x00000000080014d4        0x2 Startup/startup_stm32f303k8tx.o
                0x00000000080014d4                RTC_Alarm_IRQHandler
                0x00000000080014d4                TIM1_CC_IRQHandler
                0x00000000080014d4                PVD_IRQHandler
                0x00000000080014d4                TAMP_STAMP_IRQHandler
                0x00000000080014d4                EXTI3_IRQHandler
                0x00000000080014d4                EXTI0_IRQHandler
                0x00000000080014d4                FPU_IRQHandler
                0x00000000080014d4                CAN_TX_IRQHandler
                0x00000000080014d4                TIM1_UP_TIM16_IRQHandler
                0x00000000080014d4                ADC1_2_IRQHandler
                0x00000000080014d4                SPI1_IRQHandler
                0x00000000080014d4                CAN_SCE_IRQHandler
                0x00000000080014d4                DMA1_Channel4_IRQHandler
                0x00000000080014d4                USART3_IRQHandler
                0x00000000080014d4                DMA1_Channel7_IRQHandler
                0x00000000080014d4                TIM7_DAC2_IRQHandler
                0x00000000080014d4                CAN_RX1_IRQHandler
                0x00000000080014d4                I2C1_EV_IRQHandler
                0x00000000080014d4                DMA1_Channel6_IRQHandler
                0x00000000080014d4                TIM3_IRQHandler
                0x00000000080014d4                RCC_IRQHandler
                0x00000000080014d4                DMA1_Channel1_IRQHandler
                0x00000000080014d4                Default_Handler
                0x00000000080014d4                EXTI15_10_IRQHandler
                0x00000000080014d4                COMP2_IRQHandler
                0x00000000080014d4                TIM6_DAC1_IRQHandler
                0x00000000080014d4                EXTI9_5_IRQHandler
                0x00000000080014d4                RTC_WKUP_IRQHandler
                0x00000000080014d4                DMA1_Channel5_IRQHandler
                0x00000000080014d4                EXTI4_IRQHandler
                0x00000000080014d4                TIM1_TRG_COM_TIM17_IRQHandler
                0x00000000080014d4                DMA1_Channel3_IRQHandler
                0x00000000080014d4                WWDG_IRQHandler
                0x00000000080014d4                TIM2_IRQHandler
                0x00000000080014d4                EXTI1_IRQHandler
                0x00000000080014d4                COMP4_6_IRQHandler
                0x00000000080014d4                DMA1_Channel2_IRQHandler
                0x00000000080014d4                FLASH_IRQHandler
                0x00000000080014d4                USART1_IRQHandler
                0x00000000080014d4                CAN_RX0_IRQHandler
                0x00000000080014d4                I2C1_ER_IRQHandler
                0x00000000080014d4                EXTI2_TSC_IRQHandler
                0x00000000080014d4                TIM1_BRK_TIM15_IRQHandler
 *fill*         0x00000000080014d6        0x2 
 .text.__libc_init_array
                0x00000000080014d8       0x48 c:/st/stm32cubeide_1.4.0/stm32cubeide/plugins/com.st.stm32cube.ide.mcu.externaltools.gnu-tools-for-stm32.7-2018-q2-update.win32_1.4.0.202007081208/tools/bin/../lib/gcc/arm-none-eabi/7.3.1/../../../../arm-none-eabi/lib/thumb/v7e-m/fpv4-sp/hard\libc_nano.a(lib_a-init.o)
                0x00000000080014d8                __libc_init_array
 *(.glue_7)
 .glue_7        0x0000000008001520        0x0 linker stubs
 *(.glue_7t)
 .glue_7t       0x0000000008001520        0x0 linker stubs
 *(.eh_frame)
 .eh_frame      0x0000000008001520        0x0 c:/st/stm32cubeide_1.4.0/stm32cubeide/plugins/com.st.stm32cube.ide.mcu.externaltools.gnu-tools-for-stm32.7-2018-q2-update.win32_1.4.0.202007081208/tools/bin/../lib/gcc/arm-none-eabi/7.3.1/thumb/v7e-m/fpv4-sp/hard/crtbegin.o
 *(.init)
 .init          0x0000000008001520        0x4 c:/st/stm32cubeide_1.4.0/stm32cubeide/plugins/com.st.stm32cube.ide.mcu.externaltools.gnu-tools-for-stm32.7-2018-q2-update.win32_1.4.0.202007081208/tools/bin/../lib/gcc/arm-none-eabi/7.3.1/thumb/v7e-m/fpv4-sp/hard/crti.o
                0x0000000008001520                _init
 .init          0x0000000008001524        0x8 c:/st/stm32cubeide_1.4.0/stm32cubeide/plugins/com.st.stm32cube.ide.mcu.externaltools.gnu-tools-for-stm32.7-2018-q2-update.win32_1.4.0.202007081208/tools/bin/../lib/gcc/arm-none-eabi/7.3.1/thumb/v7e-m/fpv4-sp/hard/crtn.o
 *(.fini)
 .fini          0x000000000800152c        0x4 c:/st/stm32cubeide_1.4.0/stm32cubeide/plugins/com.st.stm32cube.ide.mcu.externaltools.gnu-tools-for-stm32.7-2018-q2-update.win32_1.4.0.202007081208/tools/bin/../lib/gcc/arm-none-eabi/7.3.1/thumb/v7e-m/fpv4-sp/hard/crti.o
                0x000000000800152c                _fini
 .fini          0x0000000008001530        0x8 c:/st/stm32cubeide_1.4.0/stm32cubeide/plugins/com.st.stm32cube.ide.mcu.externaltools.gnu-tools-for-stm32.7-2018-q2-update.win32_1.4.0.202007081208/tools/bin/../lib/gcc/arm-none-eabi/7.3.1/thumb/v7e-m/fpv4-sp/hard/crtn.o
                0x0000000008001538                . = ALIGN (0x4)
                0x0000000008001538                _etext = .

.vfp11_veneer   0x0000000008001538        0x0
 .vfp11_veneer  0x0000000008001538        0x0 linker stubs

.v4_bx          0x0000000008001538        0x0
 .v4_bx         0x0000000008001538        0x0 linker stubs

.iplt           0x0000000008001538        0x0
 .iplt          0x0000000008001538        0x0 c:/st/stm32cubeide_1.4.0/stm32cubeide/plugins/com.st.stm32cube.ide.mcu.externaltools.gnu-tools-for-stm32.7-2018-q2-update.win32_1.4.0.202007081208/tools/bin/../lib/gcc/arm-none-eabi/7.3.1/thumb/v7e-m/fpv4-sp/hard/crtbegin.o

.rodata         0x0000000008001538       0x20
                0x0000000008001538                . = ALIGN (0x4)
 *(.rodata)
 .rodata        0x0000000008001538        0x7 Src/main.o
 *(.rodata*)
 *fill*         0x000000000800153f        0x1 
 .rodata.AHBPrescTable
                0x0000000008001540       0x10 Src/system_stm32f3xx.o
                0x0000000008001540                AHBPrescTable
 .rodata.APBPrescTable
                0x0000000008001550        0x8 Src/system_stm32f3xx.o
                0x0000000008001550                APBPrescTable
                0x0000000008001558                . = ALIGN (0x4)

.rel.dyn        0x0000000008001558        0x0
 .rel.iplt      0x0000000008001558        0x0 c:/st/stm32cubeide_1.4.0/stm32cubeide/plugins/com.st.stm32cube.ide.mcu.externaltools.gnu-tools-for-stm32.7-2018-q2-update.win32_1.4.0.202007081208/tools/bin/../lib/gcc/arm-none-eabi/7.3.1/thumb/v7e-m/fpv4-sp/hard/crtbegin.o

.ARM.extab      0x0000000008001558        0x0
                0x0000000008001558                . = ALIGN (0x4)
 *(.ARM.extab* .gnu.linkonce.armextab.*)
                0x0000000008001558                . = ALIGN (0x4)

.ARM            0x0000000008001558        0x0
                0x0000000008001558                . = ALIGN (0x4)
                0x0000000008001558                __exidx_start = .
 *(.ARM.exidx*)
                0x0000000008001558                __exidx_end = .
                0x0000000008001558                . = ALIGN (0x4)

.preinit_array  0x0000000008001558        0x0
                0x0000000008001558                . = ALIGN (0x4)
                0x0000000008001558                PROVIDE (__preinit_array_start = .)
 *(.preinit_array*)
                0x0000000008001558                PROVIDE (__preinit_array_end = .)
                0x0000000008001558                . = ALIGN (0x4)

.init_array     0x0000000008001558        0x4
                0x0000000008001558                . = ALIGN (0x4)
                0x0000000008001558                PROVIDE (__init_array_start = .)
 *(SORT_BY_NAME(.init_array.*))
 *(.init_array*)
 .init_array    0x0000000008001558        0x4 c:/st/stm32cubeide_1.4.0/stm32cubeide/plugins/com.st.stm32cube.ide.mcu.externaltools.gnu-tools-for-stm32.7-2018-q2-update.win32_1.4.0.202007081208/tools/bin/../lib/gcc/arm-none-eabi/7.3.1/thumb/v7e-m/fpv4-sp/hard/crtbegin.o
                0x000000000800155c                PROVIDE (__init_array_end = .)
                0x000000000800155c                . = ALIGN (0x4)

.fini_array     0x000000000800155c        0x4
                0x000000000800155c                . = ALIGN (0x4)
                [!provide]                        PROVIDE (__fini_array_start = .)
 *(SORT_BY_NAME(.fini_array.*))
 *(.fini_array*)
 .fini_array    0x000000000800155c        0x4 c:/st/stm32cubeide_1.4.0/stm32cubeide/plugins/com.st.stm32cube.ide.mcu.externaltools.gnu-tools-for-stm32.7-2018-q2-update.win32_1.4.0.202007081208/tools/bin/../lib/gcc/arm-none-eabi/7.3.1/thumb/v7e-m/fpv4-sp/hard/crtbegin.o
                [!provide]                        PROVIDE (__fini_array_end = .)
                0x0000000008001560                . = ALIGN (0x4)
                0x0000000008001560                _sidata = LOADADDR (.data)

.data           0x0000000020000000        0x4 load address 0x0000000008001560
                0x0000000020000000                . = ALIGN (0x4)
                0x0000000020000000                _sdata = .
 *(.data)
 *(.data*)
 .data.SystemCoreClock
                0x0000000020000000        0x4 Src/system_stm32f3xx.o
                0x0000000020000000                SystemCoreClock
                0x0000000020000004                . = ALIGN (0x4)
                0x0000000020000004                _edata = .

.igot.plt       0x0000000020000004        0x0 load address 0x0000000008001564
 .igot.plt      0x0000000020000004        0x0 c:/st/stm32cubeide_1.4.0/stm32cubeide/plugins/com.st.stm32cube.ide.mcu.externaltools.gnu-tools-for-stm32.7-2018-q2-update.win32_1.4.0.202007081208/tools/bin/../lib/gcc/arm-none-eabi/7.3.1/thumb/v7e-m/fpv4-sp/hard/crtbegin.o
                0x0000000020000004                . = ALIGN (0x4)

.bss            0x0000000020000004       0x28 load address 0x0000000008001564
                0x0000000020000004                _sbss = .
                0x0000000020000004                __bss_start__ = _sbss
 *(.bss)
 .bss           0x0000000020000004       0x1c c:/st/stm32cubeide_1.4.0/stm32cubeide/plugins/com.st.stm32cube.ide.mcu.externaltools.gnu-tools-for-stm32.7-2018-q2-update.win32_1.4.0.202007081208/tools/bin/../lib/gcc/arm-none-eabi/7.3.1/thumb/v7e-m/fpv4-sp/hard/crtbegin.o
 *(.bss*)
 .bss.text.8595
                0x0000000020000020        0x6 Src/main.o
 *fill*         0x0000000020000026        0x2 
 .bss.usart2_callback
                0x0000000020000028        0x4 Src/usart.o
 *(COMMON)
                0x000000002000002c                . = ALIGN (0x4)
                0x000000002000002c                _ebss = .
                0x000000002000002c                __bss_end__ = _ebss

._user_heap_stack
                0x000000002000002c      0x604 load address 0x0000000008001564
                0x0000000020000030                . = ALIGN (0x8)
 *fill*         0x000000002000002c        0x4 
                0x0000000020000030                PROVIDE (end = .)
                [!provide]                        PROVIDE (_end = .)
                0x0000000020000230                . = (. + _Min_Heap_Size)
 *fill*         0x0000000020000030      0x200 
                0x0000000020000630                . = (. + _Min_Stack_Size)
 *fill*         0x0000000020000230      0x400 
                0x0000000020000630                . = ALIGN (0x8)

/DISCARD/
 libc.a(*)
 libm.a(*)
 libgcc.a(*)

.ARM.attributes
                0x0000000000000000       0x30
 *(.ARM.attributes)
 .ARM.attributes
                0x0000000000000000       0x22 c:/st/stm32cubeide_1.4.0/stm32cubeide/plugins/com.st.stm32cube.ide.mcu.externaltools.gnu-tools-for-stm32.7-2018-q2-update.win32_1.4.0.202007081208/tools/bin/../lib/gcc/arm-none-eabi/7.3.1/thumb/v7e-m/fpv4-sp/hard/crti.o
 .ARM.attributes
                0x0000000000000022       0x34 c:/st/stm32cubeide_1.4.0/stm32cubeide/plugins/com.st.stm32cube.ide.mcu.externaltools.gnu-tools-for-stm32.7-2018-q2-update.win32_1.4.0.202007081208/tools/bin/../lib/gcc/arm-none-eabi/7.3.1/thumb/v7e-m/fpv4-sp/hard/crtbegin.o
 .ARM.attributes
                0x0000000000000056       0x39 Drivers/STM32F3xx_HAL_Driver/Src/stm32f3xx_ll_gpio.o
 .ARM.attributes
                0x000000000000008f       0x39 Drivers/STM32F3xx_HAL_Driver/Src/stm32f3xx_ll_rcc.o
 .ARM.attributes
                0x00000000000000c8       0x39 Drivers/STM32F3xx_HAL_Driver/Src/stm32f3xx_ll_usart.o
 .ARM.attributes
                0x0000000000000101       0x39 Drivers/STM32F3xx_HAL_Driver/Src/stm32f3xx_ll_utils.o
 .ARM.attributes
                0x000000000000013a       0x39 Src/gpio.o
 .ARM.attributes
                0x0000000000000173       0x39 Src/main.o
 .ARM.attributes
                0x00000000000001ac       0x39 Src/stm32f3xx_it.o
 .ARM.attributes
                0x00000000000001e5       0x39 Src/system_stm32f3xx.o
 .ARM.attributes
                0x000000000000021e       0x39 Src/usart.o
 .ARM.attributes
                0x0000000000000257       0x21 Startup/startup_stm32f303k8tx.o
 .ARM.attributes
                0x0000000000000278       0x34 c:/st/stm32cubeide_1.4.0/stm32cubeide/plugins/com.st.stm32cube.ide.mcu.externaltools.gnu-tools-for-stm32.7-2018-q2-update.win32_1.4.0.202007081208/tools/bin/../lib/gcc/arm-none-eabi/7.3.1/../../../../arm-none-eabi/lib/thumb/v7e-m/fpv4-sp/hard\libc_nano.a(lib_a-init.o)
 .ARM.attributes
                0x00000000000002ac       0x22 c:/st/stm32cubeide_1.4.0/stm32cubeide/plugins/com.st.stm32cube.ide.mcu.externaltools.gnu-tools-for-stm32.7-2018-q2-update.win32_1.4.0.202007081208/tools/bin/../lib/gcc/arm-none-eabi/7.3.1/thumb/v7e-m/fpv4-sp/hard/crtn.o
OUTPUT(vrs_cvicenie_6_UART.elf elf32-littlearm)

.debug_info     0x0000000000000000     0x3d5e
 .debug_info    0x0000000000000000      0x7e2 Drivers/STM32F3xx_HAL_Driver/Src/stm32f3xx_ll_gpio.o
 .debug_info    0x00000000000007e2      0x704 Drivers/STM32F3xx_HAL_Driver/Src/stm32f3xx_ll_rcc.o
 .debug_info    0x0000000000000ee6      0x6be Drivers/STM32F3xx_HAL_Driver/Src/stm32f3xx_ll_usart.o
 .debug_info    0x00000000000015a4      0x818 Drivers/STM32F3xx_HAL_Driver/Src/stm32f3xx_ll_utils.o
 .debug_info    0x0000000000001dbc      0x395 Src/gpio.o
 .debug_info    0x0000000000002151      0x9e9 Src/main.o
 .debug_info    0x0000000000002b3a      0x318 Src/stm32f3xx_it.o
 .debug_info    0x0000000000002e52      0x400 Src/system_stm32f3xx.o
 .debug_info    0x0000000000003252      0xaea Src/usart.o
 .debug_info    0x0000000000003d3c       0x22 Startup/startup_stm32f303k8tx.o

.debug_abbrev   0x0000000000000000     0x1035
 .debug_abbrev  0x0000000000000000      0x212 Drivers/STM32F3xx_HAL_Driver/Src/stm32f3xx_ll_gpio.o
 .debug_abbrev  0x0000000000000212      0x238 Drivers/STM32F3xx_HAL_Driver/Src/stm32f3xx_ll_rcc.o
 .debug_abbrev  0x000000000000044a      0x1b1 Drivers/STM32F3xx_HAL_Driver/Src/stm32f3xx_ll_usart.o
 .debug_abbrev  0x00000000000005fb      0x266 Drivers/STM32F3xx_HAL_Driver/Src/stm32f3xx_ll_utils.o
 .debug_abbrev  0x0000000000000861      0x15d Src/gpio.o
 .debug_abbrev  0x00000000000009be      0x1f8 Src/main.o
 .debug_abbrev  0x0000000000000bb6      0x13d Src/stm32f3xx_it.o
 .debug_abbrev  0x0000000000000cf3      0x111 Src/system_stm32f3xx.o
 .debug_abbrev  0x0000000000000e04      0x21f Src/usart.o
 .debug_abbrev  0x0000000000001023       0x12 Startup/startup_stm32f303k8tx.o

.debug_aranges  0x0000000000000000      0x528
 .debug_aranges
                0x0000000000000000       0x70 Drivers/STM32F3xx_HAL_Driver/Src/stm32f3xx_ll_gpio.o
 .debug_aranges
                0x0000000000000070      0x100 Drivers/STM32F3xx_HAL_Driver/Src/stm32f3xx_ll_rcc.o
 .debug_aranges
                0x0000000000000170       0x88 Drivers/STM32F3xx_HAL_Driver/Src/stm32f3xx_ll_usart.o
 .debug_aranges
                0x00000000000001f8       0xf0 Drivers/STM32F3xx_HAL_Driver/Src/stm32f3xx_ll_utils.o
 .debug_aranges
                0x00000000000002e8       0x30 Src/gpio.o
 .debug_aranges
                0x0000000000000318       0xc8 Src/main.o
 .debug_aranges
                0x00000000000003e0       0x78 Src/stm32f3xx_it.o
 .debug_aranges
                0x0000000000000458       0x28 Src/system_stm32f3xx.o
 .debug_aranges
                0x0000000000000480       0x80 Src/usart.o
 .debug_aranges
                0x0000000000000500       0x28 Startup/startup_stm32f303k8tx.o

.debug_ranges   0x0000000000000000      0x490
 .debug_ranges  0x0000000000000000       0x60 Drivers/STM32F3xx_HAL_Driver/Src/stm32f3xx_ll_gpio.o
 .debug_ranges  0x0000000000000060       0xf0 Drivers/STM32F3xx_HAL_Driver/Src/stm32f3xx_ll_rcc.o
 .debug_ranges  0x0000000000000150       0x78 Drivers/STM32F3xx_HAL_Driver/Src/stm32f3xx_ll_usart.o
 .debug_ranges  0x00000000000001c8       0xe0 Drivers/STM32F3xx_HAL_Driver/Src/stm32f3xx_ll_utils.o
 .debug_ranges  0x00000000000002a8       0x20 Src/gpio.o
 .debug_ranges  0x00000000000002c8       0xb8 Src/main.o
 .debug_ranges  0x0000000000000380       0x68 Src/stm32f3xx_it.o
 .debug_ranges  0x00000000000003e8       0x18 Src/system_stm32f3xx.o
 .debug_ranges  0x0000000000000400       0x70 Src/usart.o
 .debug_ranges  0x0000000000000470       0x20 Startup/startup_stm32f303k8tx.o

.debug_macro    0x0000000000000000     0x2417
 .debug_macro   0x0000000000000000      0x10c Drivers/STM32F3xx_HAL_Driver/Src/stm32f3xx_ll_gpio.o
 .debug_macro   0x000000000000010c      0x149 Drivers/STM32F3xx_HAL_Driver/Src/stm32f3xx_ll_gpio.o
 .debug_macro   0x0000000000000255       0xff Drivers/STM32F3xx_HAL_Driver/Src/stm32f3xx_ll_rcc.o
 .debug_macro   0x0000000000000354      0x4d1 Drivers/STM32F3xx_HAL_Driver/Src/stm32f3xx_ll_rcc.o
 .debug_macro   0x0000000000000825      0x13f Drivers/STM32F3xx_HAL_Driver/Src/stm32f3xx_ll_usart.o
 .debug_macro   0x0000000000000964      0x2f1 Drivers/STM32F3xx_HAL_Driver/Src/stm32f3xx_ll_usart.o
 .debug_macro   0x0000000000000c55      0x4d7 Drivers/STM32F3xx_HAL_Driver/Src/stm32f3xx_ll_usart.o
 .debug_macro   0x000000000000112c      0x14a Drivers/STM32F3xx_HAL_Driver/Src/stm32f3xx_ll_utils.o
 .debug_macro   0x0000000000001276       0x30 Drivers/STM32F3xx_HAL_Driver/Src/stm32f3xx_ll_utils.o
 .debug_macro   0x00000000000012a6      0x2a5 Drivers/STM32F3xx_HAL_Driver/Src/stm32f3xx_ll_utils.o
 .debug_macro   0x000000000000154b       0xaf Drivers/STM32F3xx_HAL_Driver/Src/stm32f3xx_ll_utils.o
 .debug_macro   0x00000000000015fa      0x143 Src/gpio.o
 .debug_macro   0x000000000000173d      0x102 Src/gpio.o
 .debug_macro   0x000000000000183f       0x28 Src/gpio.o
 .debug_macro   0x0000000000001867      0x287 Src/gpio.o
 .debug_macro   0x0000000000001aee      0x2f7 Src/gpio.o
 .debug_macro   0x0000000000001de5      0x14f Src/gpio.o
 .debug_macro   0x0000000000001f34       0x22 Src/gpio.o
 .debug_macro   0x0000000000001f56      0x151 Src/main.o
 .debug_macro   0x00000000000020a7      0x151 Src/stm32f3xx_it.o
 .debug_macro   0x00000000000021f8       0xdc Src/system_stm32f3xx.o
 .debug_macro   0x00000000000022d4      0x143 Src/usart.o

.debug_line     0x0000000000000000     0x3afe
 .debug_line    0x0000000000000000      0x670 Drivers/STM32F3xx_HAL_Driver/Src/stm32f3xx_ll_gpio.o
 .debug_line    0x0000000000000670      0x74b Drivers/STM32F3xx_HAL_Driver/Src/stm32f3xx_ll_rcc.o
 .debug_line    0x0000000000000dbb      0x621 Drivers/STM32F3xx_HAL_Driver/Src/stm32f3xx_ll_usart.o
 .debug_line    0x00000000000013dc      0x764 Drivers/STM32F3xx_HAL_Driver/Src/stm32f3xx_ll_utils.o
 .debug_line    0x0000000000001b40      0x5a5 Src/gpio.o
 .debug_line    0x00000000000020e5      0x7fa Src/main.o
 .debug_line    0x00000000000028df      0x670 Src/stm32f3xx_it.o
 .debug_line    0x0000000000002f4f      0x48a Src/system_stm32f3xx.o
 .debug_line    0x00000000000033d9      0x6a4 Src/usart.o
 .debug_line    0x0000000000003a7d       0x81 Startup/startup_stm32f303k8tx.o

.debug_str      0x0000000000000000    0x6d5e8
 .debug_str     0x0000000000000000    0x645da Drivers/STM32F3xx_HAL_Driver/Src/stm32f3xx_ll_gpio.o
                                      0x6477f (size before relaxing)
 .debug_str     0x00000000000645da     0x2839 Drivers/STM32F3xx_HAL_Driver/Src/stm32f3xx_ll_rcc.o
                                      0x65bf1 (size before relaxing)
 .debug_str     0x0000000000066e13     0x1a4b Drivers/STM32F3xx_HAL_Driver/Src/stm32f3xx_ll_usart.o
                                      0x67705 (size before relaxing)
 .debug_str     0x000000000006885e     0x2d33 Drivers/STM32F3xx_HAL_Driver/Src/stm32f3xx_ll_utils.o
                                      0x68461 (size before relaxing)
 .debug_str     0x000000000006b591     0x1922 Src/gpio.o
                                      0x6adaa (size before relaxing)
 .debug_str     0x000000000006ceb3      0x191 Src/main.o
                                      0x6b048 (size before relaxing)
 .debug_str     0x000000000006d044       0xfb Src/stm32f3xx_it.o
                                      0x6adb7 (size before relaxing)
 .debug_str     0x000000000006d13f       0xa0 Src/system_stm32f3xx.o
                                      0x63461 (size before relaxing)
 .debug_str     0x000000000006d1df      0x3d8 Src/usart.o
                                      0x6b351 (size before relaxing)
 .debug_str     0x000000000006d5b7       0x31 Startup/startup_stm32f303k8tx.o
                                         0x79 (size before relaxing)

.comment        0x0000000000000000       0x7b
 .comment       0x0000000000000000       0x7b Drivers/STM32F3xx_HAL_Driver/Src/stm32f3xx_ll_gpio.o
                                         0x7c (size before relaxing)
 .comment       0x000000000000007b       0x7c Drivers/STM32F3xx_HAL_Driver/Src/stm32f3xx_ll_rcc.o
 .comment       0x000000000000007b       0x7c Drivers/STM32F3xx_HAL_Driver/Src/stm32f3xx_ll_usart.o
 .comment       0x000000000000007b       0x7c Drivers/STM32F3xx_HAL_Driver/Src/stm32f3xx_ll_utils.o
 .comment       0x000000000000007b       0x7c Src/gpio.o
 .comment       0x000000000000007b       0x7c Src/main.o
 .comment       0x000000000000007b       0x7c Src/stm32f3xx_it.o
 .comment       0x000000000000007b       0x7c Src/system_stm32f3xx.o
 .comment       0x000000000000007b       0x7c Src/usart.o

.debug_frame    0x0000000000000000     0x13a8
 .debug_frame   0x0000000000000000      0x1c0 Drivers/STM32F3xx_HAL_Driver/Src/stm32f3xx_ll_gpio.o
 .debug_frame   0x00000000000001c0      0x408 Drivers/STM32F3xx_HAL_Driver/Src/stm32f3xx_ll_rcc.o
 .debug_frame   0x00000000000005c8      0x238 Drivers/STM32F3xx_HAL_Driver/Src/stm32f3xx_ll_usart.o
 .debug_frame   0x0000000000000800      0x3dc Drivers/STM32F3xx_HAL_Driver/Src/stm32f3xx_ll_utils.o
 .debug_frame   0x0000000000000bdc       0x84 Src/gpio.o
 .debug_frame   0x0000000000000c60      0x340 Src/main.o
 .debug_frame   0x0000000000000fa0      0x17c Src/stm32f3xx_it.o
 .debug_frame   0x000000000000111c       0x58 Src/system_stm32f3xx.o
 .debug_frame   0x0000000000001174      0x208 Src/usart.o
 .debug_frame   0x000000000000137c       0x2c c:/st/stm32cubeide_1.4.0/stm32cubeide/plugins/com.st.stm32cube.ide.mcu.externaltools.gnu-tools-for-stm32.7-2018-q2-update.win32_1.4.0.202007081208/tools/bin/../lib/gcc/arm-none-eabi/7.3.1/../../../../arm-none-eabi/lib/thumb/v7e-m/fpv4-sp/hard\libc_nano.a(lib_a-init.o)
